AH00558: apache2: Could not reliably determine the server's fully qualified domain name, using 172.18.0.3. Set the 'ServerName' directive globally to suppress this message
[Tue Aug 18 09:33:29.646928 2026] [mpm_prefork:notice] [pid 1:tid 1] AH00163: Apache/2.4.68 (Debian) PHP/8.2.33 configured -- resuming normal operations
[Tue Aug 18 09:33:29.647328 2026] [core:notice] [pid 1:tid 1] AH00094: Command line: 'apache2 -D FOREGROUND'
[Tue Aug 18 09:50:51.513875 2026] [mpm_prefork:notice] [pid 1:tid 1] AH00170: caught SIGWINCH, shutting down gracefully
AH00558: apache2: Could not reliably determine the server's fully qualified domain name, using 172.18.0.3. Set the 'ServerName' directive globally to suppress this message
[Tue Aug 18 09:51:10.946075 2026] [mpm_prefork:notice] [pid 1:tid 1] AH00163: Apache/2.4.68 (Debian) PHP/8.2.33 configured -- resuming normal operations
[Tue Aug 18 09:51:10.946580 2026] [core:notice] [pid 1:tid 1] AH00094: Command line: 'apache2 -D FOREGROUND'
[Tue Aug 18 09:55:06.107262 2026] [mpm_prefork:notice] [pid 1:tid 1] AH00170: caught SIGWINCH, shutting down gracefully
AH00558: apache2: Could not reliably determine the server's fully qualified domain name, using 172.18.0.3. Set the 'ServerName' directive globally to suppress this message
[Tue Aug 18 09:55:07.603280 2026] [mpm_prefork:notice] [pid 1:tid 1] AH00163: Apache/2.4.68 (Debian) PHP/8.2.33 configured -- resuming normal operations
[Tue Aug 18 09:55:07.603859 2026] [core:notice] [pid 1:tid 1] AH00094: Command line: 'apache2 -D FOREGROUND'
[Tue Aug 18 09:55:14.758645 2026] [php:error] [pid 17:tid 17] [client 172.18.0.1:60962] script '/var/www/html/public/signin.php' not found or unable to stat, referer: http://localhost:8080/
[Tue Aug 18 09:55:44.142575 2026] [mpm_prefork:notice] [pid 1:tid 1] AH00170: caught SIGWINCH, shutting down gracefully
AH00558: apache2: Could not reliably determine the server's fully qualified domain name, using 172.18.0.3. Set the 'ServerName' directive globally to suppress this message
[Tue Aug 18 09:55:45.556693 2026] [mpm_prefork:notice] [pid 1:tid 1] AH00163: Apache/2.4.68 (Debian) PHP/8.2.33 configured -- resuming normal operations
[Tue Aug 18 09:55:45.557126 2026] [core:notice] [pid 1:tid 1] AH00094: Command line: 'apache2 -D FOREGROUND'
[Tue Aug 18 09:55:48.067753 2026] [php:error] [pid 17:tid 17] [client 172.18.0.1:60288] script '/var/www/html/public/signin.php' not found or unable to stat, referer: http://localhost:8080/
[Tue Aug 18 09:55:54.647423 2026] [mpm_prefork:notice] [pid 1:tid 1] AH00170: caught SIGWINCH, shutting down gracefully
AH00558: apache2: Could not reliably determine the server's fully qualified domain name, using 172.18.0.3. Set the 'ServerName' directive globally to suppress this message
[Tue Aug 18 09:55:56.112376 2026] [mpm_prefork:notice] [pid 1:tid 1] AH00163: Apache/2.4.68 (Debian) PHP/8.2.33 configured -- resuming normal operations
[Tue Aug 18 09:55:56.112768 2026] [core:notice] [pid 1:tid 1] AH00094: Command line: 'apache2 -D FOREGROUND'
[Tue Aug 18 09:55:57.248283 2026] [php:error] [pid 17:tid 17] [client 172.18.0.1:33728] script '/var/www/html/public/signin.php' not found or unable to stat, referer: http://localhost:8080/
[Tue Aug 18 09:55:59.489652 2026] [php:error] [pid 17:tid 17] [client 172.18.0.1:33728] script '/var/www/html/public/signin.php' not found or unable to stat, referer: http://localhost:8080/
[Tue Aug 18 09:56:27.885374 2026] [mpm_prefork:notice] [pid 1:tid 1] AH00170: caught SIGWINCH, shutting down gracefully
AH00558: apache2: Could not reliably determine the server's fully qualified domain name, using 172.18.0.3. Set the 'ServerName' directive globally to suppress this message
[Tue Aug 18 09:56:29.358302 2026] [mpm_prefork:notice] [pid 1:tid 1] AH00163: Apache/2.4.68 (Debian) PHP/8.2.33 configured -- resuming normal operations
[Tue Aug 18 09:56:29.358661 2026] [core:notice] [pid 1:tid 1] AH00094: Command line: 'apache2 -D FOREGROUND'
[Tue Aug 18 09:58:53.576555 2026] [mpm_prefork:notice] [pid 1:tid 1] AH00170: caught SIGWINCH, shutting down gracefully
AH00558: apache2: Could not reliably determine the server's fully qualified domain name, using 172.18.0.3. Set the 'ServerName' directive globally to suppress this message
[Tue Aug 18 09:58:54.991696 2026] [mpm_prefork:notice] [pid 1:tid 1] AH00163: Apache/2.4.68 (Debian) PHP/8.2.33 configured -- resuming normal operations
[Tue Aug 18 09:58:54.992050 2026] [core:notice] [pid 1:tid 1] AH00094: Command line: 'apache2 -D FOREGROUND'
[Tue Aug 18 10:00:49.381443 2026] [mpm_prefork:notice] [pid 1:tid 1] AH00170: caught SIGWINCH, shutting down gracefully
AH00558: apache2: Could not reliably determine the server's fully qualified domain name, using 172.18.0.3. Set the 'ServerName' directive globally to suppress this message
[Tue Aug 18 10:00:50.810065 2026] [mpm_prefork:notice] [pid 1:tid 1] AH00163: Apache/2.4.68 (Debian) PHP/8.2.33 configured -- resuming normal operations
[Tue Aug 18 10:00:50.810421 2026] [core:notice] [pid 1:tid 1] AH00094: Command line: 'apache2 -D FOREGROUND'
[Tue Aug 18 10:01:10.321385 2026] [mpm_prefork:notice] [pid 1:tid 1] AH00170: caught SIGWINCH, shutting down gracefully
AH00558: apache2: Could not reliably determine the server's fully qualified domain name, using 172.18.0.3. Set the 'ServerName' directive globally to suppress this message
[Tue Aug 18 10:01:15.825146 2026] [mpm_prefork:notice] [pid 1:tid 1] AH00163: Apache/2.4.68 (Debian) PHP/8.2.33 configured -- resuming normal operations
[Tue Aug 18 10:01:15.825667 2026] [core:notice] [pid 1:tid 1] AH00094: Command line: 'apache2 -D FOREGROUND'
[Tue Aug 18 10:04:28.086721 2026] [mpm_prefork:notice] [pid 1:tid 1] AH00170: caught SIGWINCH, shutting down gracefully
AH00558: apache2: Could not reliably determine the server's fully qualified domain name, using 172.18.0.3. Set the 'ServerName' directive globally to suppress this message
[Tue Aug 18 10:04:33.744719 2026] [mpm_prefork:notice] [pid 1:tid 1] AH00163: Apache/2.4.68 (Debian) PHP/8.2.33 configured -- resuming normal operations
[Tue Aug 18 10:04:33.745175 2026] [core:notice] [pid 1:tid 1] AH00094: Command line: 'apache2 -D FOREGROUND'
[Tue Aug 18 10:07:32.191118 2026] [mpm_prefork:notice] [pid 1:tid 1] AH00170: caught SIGWINCH, shutting down gracefully
AH00558: apache2: Could not reliably determine the server's fully qualified domain name, using 172.18.0.3. Set the 'ServerName' directive globally to suppress this message
[Tue Aug 18 10:07:37.496382 2026] [mpm_prefork:notice] [pid 1:tid 1] AH00163: Apache/2.4.68 (Debian) PHP/8.2.33 configured -- resuming normal operations
[Tue Aug 18 10:07:37.496932 2026] [core:notice] [pid 1:tid 1] AH00094: Command line: 'apache2 -D FOREGROUND'
[Tue Aug 18 10:09:34.620100 2026] [mpm_prefork:notice] [pid 1:tid 1] AH00170: caught SIGWINCH, shutting down gracefully
AH00558: apache2: Could not reliably determine the server's fully qualified domain name, using 172.18.0.3. Set the 'ServerName' directive globally to suppress this message
[Tue Aug 18 10:09:40.102528 2026] [mpm_prefork:notice] [pid 1:tid 1] AH00163: Apache/2.4.68 (Debian) PHP/8.2.33 configured -- resuming normal operations
[Tue Aug 18 10:09:40.102935 2026] [core:notice] [pid 1:tid 1] AH00094: Command line: 'apache2 -D FOREGROUND'
[Tue Aug 18 10:13:05.573531 2026] [mpm_prefork:notice] [pid 1:tid 1] AH00170: caught SIGWINCH, shutting down gracefully
AH00558: apache2: Could not reliably determine the server's fully qualified domain name, using 172.18.0.3. Set the 'ServerName' directive globally to suppress this message
[Tue Aug 18 10:13:07.108335 2026] [mpm_prefork:notice] [pid 1:tid 1] AH00163: Apache/2.4.68 (Debian) PHP/8.2.33 configured -- resuming normal operations
[Tue Aug 18 10:13:07.108720 2026] [core:notice] [pid 1:tid 1] AH00094: Command line: 'apache2 -D FOREGROUND'
[Tue Aug 18 10:14:51.132151 2026] [mpm_prefork:notice] [pid 1:tid 1] AH00170: caught SIGWINCH, shutting down gracefully
AH00558: apache2: Could not reliably determine the server's fully qualified domain name, using 172.18.0.3. Set the 'ServerName' directive globally to suppress this message
[Tue Aug 18 10:14:52.550006 2026] [mpm_prefork:notice] [pid 1:tid 1] AH00163: Apache/2.4.68 (Debian) PHP/8.2.33 configured -- resuming normal operations
[Tue Aug 18 10:14:52.550464 2026] [core:notice] [pid 1:tid 1] AH00094: Command line: 'apache2 -D FOREGROUND'
[Tue Aug 18 10:16:28.504148 2026] [mpm_prefork:notice] [pid 1:tid 1] AH00170: caught SIGWINCH, shutting down gracefully
AH00558: apache2: Could not reliably determine the server's fully qualified domain name, using 172.18.0.3. Set the 'ServerName' directive globally to suppress this message
[Tue Aug 18 10:16:29.927605 2026] [mpm_prefork:notice] [pid 1:tid 1] AH00163: Apache/2.4.68 (Debian) PHP/8.2.33 configured -- resuming normal operations
[Tue Aug 18 10:16:29.927958 2026] [core:notice] [pid 1:tid 1] AH00094: Command line: 'apache2 -D FOREGROUND'
[Tue Aug 18 10:19:46.858068 2026] [mpm_prefork:notice] [pid 1:tid 1] AH00170: caught SIGWINCH, shutting down gracefully
AH00558: apache2: Could not reliably determine the server's fully qualified domain name, using 172.18.0.3. Set the 'ServerName' directive globally to suppress this message
[Tue Aug 18 10:19:54.670544 2026] [mpm_prefork:notice] [pid 1:tid 1] AH00163: Apache/2.4.68 (Debian) PHP/8.2.33 configured -- resuming normal operations
[Tue Aug 18 10:19:54.670855 2026] [core:notice] [pid 1:tid 1] AH00094: Command line: 'apache2 -D FOREGROUND'
[Tue Aug 18 10:22:23.236723 2026] [mpm_prefork:notice] [pid 1:tid 1] AH00170: caught SIGWINCH, shutting down gracefully
AH00558: apache2: Could not reliably determine the server's fully qualified domain name, using 172.18.0.3. Set the 'ServerName' directive globally to suppress this message
[Tue Aug 18 10:22:30.859764 2026] [mpm_prefork:notice] [pid 1:tid 1] AH00163: Apache/2.4.68 (Debian) PHP/8.2.33 configured -- resuming normal operations
[Tue Aug 18 10:22:30.860096 2026] [core:notice] [pid 1:tid 1] AH00094: Command line: 'apache2 -D FOREGROUND'
[Tue Aug 18 10:24:49.309390 2026] [mpm_prefork:notice] [pid 1:tid 1] AH00170: caught SIGWINCH, shutting down gracefully
AH00558: apache2: Could not reliably determine the server's fully qualified domain name, using 172.18.0.3. Set the 'ServerName' directive globally to suppress this message
[Tue Aug 18 10:24:56.692477 2026] [mpm_prefork:notice] [pid 1:tid 1] AH00163: Apache/2.4.68 (Debian) PHP/8.2.33 configured -- resuming normal operations
[Tue Aug 18 10:24:56.692901 2026] [core:notice] [pid 1:tid 1] AH00094: Command line: 'apache2 -D FOREGROUND'
[Tue Aug 18 10:25:55.972303 2026] [mpm_prefork:notice] [pid 1:tid 1] AH00170: caught SIGWINCH, shutting down gracefully
AH00558: apache2: Could not reliably determine the server's fully qualified domain name, using 172.18.0.3. Set the 'ServerName' directive globally to suppress this message
[Tue Aug 18 10:26:03.442260 2026] [mpm_prefork:notice] [pid 1:tid 1] AH00163: Apache/2.4.68 (Debian) PHP/8.2.33 configured -- resuming normal operations
[Tue Aug 18 10:26:03.442634 2026] [core:notice] [pid 1:tid 1] AH00094: Command line: 'apache2 -D FOREGROUND'
[Tue Aug 18 10:28:10.729190 2026] [mpm_prefork:notice] [pid 1:tid 1] AH00170: caught SIGWINCH, shutting down gracefully
AH00558: apache2: Could not reliably determine the server's fully qualified domain name, using 172.18.0.3. Set the 'ServerName' directive globally to suppress this message
[Tue Aug 18 10:28:17.896361 2026] [mpm_prefork:notice] [pid 1:tid 1] AH00163: Apache/2.4.68 (Debian) PHP/8.2.33 configured -- resuming normal operations
[Tue Aug 18 10:28:17.896742 2026] [core:notice] [pid 1:tid 1] AH00094: Command line: 'apache2 -D FOREGROUND'
[Tue Aug 18 10:30:02.103553 2026] [mpm_prefork:notice] [pid 1:tid 1] AH00170: caught SIGWINCH, shutting down gracefully
AH00558: apache2: Could not reliably determine the server's fully qualified domain name, using 172.18.0.3. Set the 'ServerName' directive globally to suppress this message
[Tue Aug 18 10:30:03.663448 2026] [mpm_prefork:notice] [pid 1:tid 1] AH00163: Apache/2.4.68 (Debian) PHP/8.2.33 configured -- resuming normal operations
[Tue Aug 18 10:30:03.664146 2026] [core:notice] [pid 1:tid 1] AH00094: Command line: 'apache2 -D FOREGROUND'
[Tue Aug 18 10:31:54.316330 2026] [mpm_prefork:notice] [pid 1:tid 1] AH00170: caught SIGWINCH, shutting down gracefully
AH00558: apache2: Could not reliably determine the server's fully qualified domain name, using 172.18.0.3. Set the 'ServerName' directive globally to suppress this message
[Tue Aug 18 10:32:01.760222 2026] [mpm_prefork:notice] [pid 1:tid 1] AH00163: Apache/2.4.68 (Debian) PHP/8.2.33 configured -- resuming normal operations
[Tue Aug 18 10:32:01.760554 2026] [core:notice] [pid 1:tid 1] AH00094: Command line: 'apache2 -D FOREGROUND'
[Tue Aug 18 10:34:03.471199 2026] [mpm_prefork:notice] [pid 1:tid 1] AH00170: caught SIGWINCH, shutting down gracefully
AH00558: apache2: Could not reliably determine the server's fully qualified domain name, using 172.18.0.3. Set the 'ServerName' directive globally to suppress this message
[Tue Aug 18 10:34:11.056916 2026] [mpm_prefork:notice] [pid 1:tid 1] AH00163: Apache/2.4.68 (Debian) PHP/8.2.33 configured -- resuming normal operations
[Tue Aug 18 10:34:11.057269 2026] [core:notice] [pid 1:tid 1] AH00094: Command line: 'apache2 -D FOREGROUND'
[Tue Aug 18 10:35:10.935149 2026] [mpm_prefork:notice] [pid 1:tid 1] AH00170: caught SIGWINCH, shutting down gracefully
AH00558: apache2: Could not reliably determine the server's fully qualified domain name, using 172.18.0.3. Set the 'ServerName' directive globally to suppress this message
[Tue Aug 18 10:35:18.543878 2026] [mpm_prefork:notice] [pid 1:tid 1] AH00163: Apache/2.4.68 (Debian) PHP/8.2.33 configured -- resuming normal operations
[Tue Aug 18 10:35:18.544295 2026] [core:notice] [pid 1:tid 1] AH00094: Command line: 'apache2 -D FOREGROUND'
[Tue Aug 18 10:39:27.774618 2026] [mpm_prefork:notice] [pid 1:tid 1] AH00170: caught SIGWINCH, shutting down gracefully
AH00558: apache2: Could not reliably determine the server's fully qualified domain name, using 172.18.0.3. Set the 'ServerName' directive globally to suppress this message
[Tue Aug 18 10:39:35.197864 2026] [mpm_prefork:notice] [pid 1:tid 1] AH00163: Apache/2.4.68 (Debian) PHP/8.2.33 configured -- resuming normal operations
[Tue Aug 18 10:39:35.198325 2026] [core:notice] [pid 1:tid 1] AH00094: Command line: 'apache2 -D FOREGROUND'
[Tue Aug 18 10:41:55.940723 2026] [mpm_prefork:notice] [pid 1:tid 1] AH00170: caught SIGWINCH, shutting down gracefully
AH00558: apache2: Could not reliably determine the server's fully qualified domain name, using 172.18.0.3. Set the 'ServerName' directive globally to suppress this message
[Tue Aug 18 10:42:03.489568 2026] [mpm_prefork:notice] [pid 1:tid 1] AH00163: Apache/2.4.68 (Debian) PHP/8.2.33 configured -- resuming normal operations
[Tue Aug 18 10:42:03.490017 2026] [core:notice] [pid 1:tid 1] AH00094: Command line: 'apache2 -D FOREGROUND'
[Tue Aug 18 10:43:09.167817 2026] [mpm_prefork:notice] [pid 1:tid 1] AH00170: caught SIGWINCH, shutting down gracefully
AH00558: apache2: Could not reliably determine the server's fully qualified domain name, using 172.18.0.3. Set the 'ServerName' directive globally to suppress this message
[Tue Aug 18 10:43:15.228342 2026] [mpm_prefork:notice] [pid 1:tid 1] AH00163: Apache/2.4.68 (Debian) PHP/8.2.33 configured -- resuming normal operations
[Tue Aug 18 10:43:15.228755 2026] [core:notice] [pid 1:tid 1] AH00094: Command line: 'apache2 -D FOREGROUND'
[Tue Aug 18 10:46:58.227656 2026] [mpm_prefork:notice] [pid 1:tid 1] AH00170: caught SIGWINCH, shutting down gracefully
AH00558: apache2: Could not reliably determine the server's fully qualified domain name, using 172.18.0.3. Set the 'ServerName' directive globally to suppress this message
[Tue Aug 18 10:46:59.770037 2026] [mpm_prefork:notice] [pid 1:tid 1] AH00163: Apache/2.4.68 (Debian) PHP/8.2.33 configured -- resuming normal operations
[Tue Aug 18 10:46:59.770544 2026] [core:notice] [pid 1:tid 1] AH00094: Command line: 'apache2 -D FOREGROUND'
[Tue Aug 18 10:58:45.931466 2026] [mpm_prefork:notice] [pid 1:tid 1] AH00170: caught SIGWINCH, shutting down gracefully
